// Jest Snapshot v1, https://goo.gl/fbAQLP

exports[`Create IEO test should render 1`] = `ShallowWrapper {}`;
