// Jest Snapshot v1, https://goo.gl/fbAQLP

exports[`Release Modal page test should render 1`] = `ShallowWrapper {}`;
